Just (RssDocument {documentVersion = Version {versionBranch = [2], versionTags = []}, channelTitle = "RSS Title", channelLink = URI {uriScheme = Scheme {schemeBS = "http"}, uriAuthority = Just (Authority {authorityUserInfo = Nothing, authorityHost = Host {hostBS = "www.example.com"}, authorityPort = Nothing}), uriPath = "/main.html", uriQuery = Query {queryPairs = []}, uriFragment = Nothing}, channelDescription = "This is an example of an RSS feed", channelItems = [RssItem {itemTitle = "Example entry", itemLink = Just URI {uriScheme = Scheme {schemeBS = "http"}, uriAuthority = Just (Authority {authorityUserInfo = Nothing, authorityHost = Host {hostBS = "www.example.com"}, authorityPort = Nothing}), uriPath = "/blog/post/1", uriQuery = Query {queryPairs = []}, uriFragment = Nothing}, itemDescription = "Here is some text containing an interesting description.", itemAuthor = "", itemCategories = [], itemComments = Nothing, itemEnclosure = [], itemGuid = Just (GuidUri RelativeRef {rrAuthority = Nothing, rrPath = "7bd204c6-1655-4c27-aeee-53f933c5395f", rrQuery = Query {queryPairs = []}, rrFragment = Nothing}), itemPubDate = Just 2009-09-06 16:20:00 UTC, itemSource = Nothing, itemExtensions = NoItemExtensions}], channelLanguage = "", channelCopyright = "", channelManagingEditor = "", channelWebmaster = "", channelPubDate = Just 2009-09-06 16:20:00 UTC, channelLastBuildDate = Just 2010-09-06 00:01:00 UTC, channelCategories = [], channelGenerator = "", channelDocs = Nothing, channelCloud = Nothing, channelTtl = Just 1800, channelImage = Nothing, channelRating = "", channelTextInput = Nothing, channelSkipHours = fromList [], channelSkipDays = fromList [], channelExtensions = NoChannelExtensions})